                  . don't run, examine generate code
                  . immediate addressing
00000            imm    START   0    
                  . imm		START	0x1000		. label first cannot be resolved
                  
                  . ******* numbers *********
                  . absolute/direct
00000  0100AB    first  LDA     #171    
00003  010FFF           LDA     #-1    
                  . min displacement
00006  010800           LDA     #-2048    
                  . max displacement
00009  0107FF           LDA     #2047    
                  . extended format, absolute
0000C  01112345        +LDA     #74565    
                  . min address
00010  01100000        +LDA     #0    
                  . max address
00014  011FFFFF        +LDA     #1048575    
                  
                  . ********** symbols **********
                  . absolute
                  . if absolute symbol then absolute addressing
00018  010005           LDA     #5    
                  . pc-relative
                  . pc-relative: (PC)+0
0001B  012000           LDA     #a    
                  . pc-relative: (PC)-3
0001E  012FFD    a      LDA     #a    
                  . base-relative
00021  6910082A        +LDB     #b    
00021                   BASE    b    
                  . base-relative: (B)+0
00025  014000           LDA     #b    
                  . but pc-relative prefered: (PC)+2047
00028  0127FF           LDA     #b    
0002B  00....00         RESB    2047    
                  . b displaced by 2048 bytes
0082A  464F4F    b      BYTE    C'FOO'    
                  
                  . careful: start address may be too large
                  . direct: pc-rel fail, base-rel fail
0082D  010000           LDA     #first    
