00000  9001           ADDR    A,X    
00002  9423           SUBR    L,B    
00004  9845           MULR    S,T    
00006  9C60           DIVR    F,A    
00008  A012           COMPR   X,L    
0000A  A410           SHIFTL  X,1    
0000C  A414           SHIFTL  X,5    
0000E  A849           SHIFTR  S,10    
00010  A85F           SHIFTR  T,16    
00012  B440           CLEAR   S    
00014  B850           TIXR    T    
00016  B0D0           SVC     13    
00018  9001           ADDR    A,X    
0001A  9423           SUBR    L,B    
0001C  9845           MULR    S,T    
0001E  9C60           DIVR    F,A    
00020  A012           COMPR   X,L    
00022  A410           SHIFTL  X,1    
00024  A414           SHIFTL  X,5    
00026  A849           SHIFTR  S,10    
00028  A85F           SHIFTR  T,16    
0002A  B440           CLEAR   S    
0002C  B850           TIXR    T    
0002E  B0D0           SVC     13    
00030  9001           ADDR    A,X    
00032  9423           SUBR    L,B    
00034  9845           MULR    S,T    
00036  9C60           DIVR    F,A    
00038  A012           COMPR   X,L    
0003A  A410           SHIFTL  X,1    
0003C  A414           SHIFTL  X,5    
0003E  A849           SHIFTR  S,10    
00040  A85F           SHIFTR  T,16    
00042  B440           CLEAR   S    
00044  B850           TIXR    T    
00046  B0D0           SVC     13    
00048  9001           ADDR    A,X    
0004A  9423           SUBR    L,B    
0004C  9845           MULR    S,T    
0004E  9C60           DIVR    F,A    
00050  A012           COMPR   X,L    
00052  A410           SHIFTL  X,1    
00054  A414           SHIFTL  X,5    
00056  A849           SHIFTR  S,10    
00058  A85F           SHIFTR  T,16    
0005A  B440           CLEAR   S    
0005C  B850           TIXR    T    
0005E  B0D0           SVC     13    
